[02-Jul-2025 21:50:10 Europe/Berlin] Live Preview form data received:
[02-Jul-2025 21:50:10 Europe/Berlin] Certificate data: Array
(
    [0] => AWS Certified Developer
)

[02-Jul-2025 21:50:10 Europe/Berlin] Project data: Array
(
    [0] => E-Commerce Platform
)

[02-Jul-2025 21:50:10 Europe/Berlin] Skill data: Array
(
    [0] => Langages de programmation
)

[02-Jul-2025 21:50:10 Europe/Berlin] Language data: Array
(
    [0] => Français
)

[02-Jul-2025 21:50:10 Europe/Berlin] Live Preview XML structure check:
[02-Jul-2025 21:50:10 Europe/Berlin] Has certificates: YES
[02-Jul-2025 21:50:10 Europe/Berlin] Has projects: YES
[02-Jul-2025 21:50:10 Europe/Berlin] Has skills: YES
[02-Jul-2025 21:50:10 Europe/Berlin] Has languages: YES
[02-Jul-2025 21:50:17 Europe/Berlin] Live Preview form data received:
[02-Jul-2025 21:50:17 Europe/Berlin] Certificate data: Array
(
    [0] => AWS Certified Developer
)

[02-Jul-2025 21:50:17 Europe/Berlin] Project data: Array
(
    [0] => E-Commerce Platform
)

[02-Jul-2025 21:50:17 Europe/Berlin] Skill data: Array
(
    [0] => Langages de programmation
)

[02-Jul-2025 21:50:17 Europe/Berlin] Language data: Array
(
    [0] => Français
)

[02-Jul-2025 21:50:17 Europe/Berlin] Live Preview XML structure check:
[02-Jul-2025 21:50:17 Europe/Berlin] Has certificates: YES
[02-Jul-2025 21:50:17 Europe/Berlin] Has projects: YES
[02-Jul-2025 21:50:17 Europe/Berlin] Has skills: YES
[02-Jul-2025 21:50:17 Europe/Berlin] Has languages: YES
[02-Jul-2025 21:50:20 Europe/Berlin] Live Preview form data received:
[02-Jul-2025 21:50:20 Europe/Berlin] Certificate data: Array
(
    [0] => AWS Certified Developer
)

[02-Jul-2025 21:50:20 Europe/Berlin] Project data: Array
(
    [0] => E-Commerce Platform
)

[02-Jul-2025 21:50:20 Europe/Berlin] Skill data: Array
(
    [0] => Langages de programmation
)

[02-Jul-2025 21:50:20 Europe/Berlin] Language data: Array
(
    [0] => Français
)

[02-Jul-2025 21:50:20 Europe/Berlin] Live Preview XML structure check:
[02-Jul-2025 21:50:20 Europe/Berlin] Has certificates: YES
[02-Jul-2025 21:50:20 Europe/Berlin] Has projects: YES
[02-Jul-2025 21:50:20 Europe/Berlin] Has skills: YES
[02-Jul-2025 21:50:20 Europe/Berlin] Has languages: YES
[02-Jul-2025 21:50:29 Europe/Berlin] Live Preview form data received:
[02-Jul-2025 21:50:29 Europe/Berlin] Certificate data: Array
(
    [0] => AWS Certified Developer
)

[02-Jul-2025 21:50:29 Europe/Berlin] Project data: Array
(
    [0] => E-Commerce Platform
)

[02-Jul-2025 21:50:29 Europe/Berlin] Skill data: Array
(
    [0] => Langages de programmation
)

[02-Jul-2025 21:50:29 Europe/Berlin] Language data: Array
(
    [0] => Français
)

[02-Jul-2025 21:50:29 Europe/Berlin] Live Preview XML structure check:
[02-Jul-2025 21:50:29 Europe/Berlin] Has certificates: YES
[02-Jul-2025 21:50:29 Europe/Berlin] Has projects: YES
[02-Jul-2025 21:50:29 Europe/Berlin] Has skills: YES
[02-Jul-2025 21:50:29 Europe/Berlin] Has languages: YES
[02-Jul-2025 21:50:36 Europe/Berlin] Live Preview form data received:
[02-Jul-2025 21:50:36 Europe/Berlin] Certificate data: Array
(
    [0] => AWS Certified Developer
)

[02-Jul-2025 21:50:36 Europe/Berlin] Project data: Array
(
    [0] => E-Commerce Platform
)

[02-Jul-2025 21:50:36 Europe/Berlin] Skill data: Array
(
    [0] => Langages de programmation
)

[02-Jul-2025 21:50:36 Europe/Berlin] Language data: Array
(
    [0] => Français
)

[02-Jul-2025 21:50:36 Europe/Berlin] Live Preview XML structure check:
[02-Jul-2025 21:50:36 Europe/Berlin] Has certificates: YES
[02-Jul-2025 21:50:36 Europe/Berlin] Has projects: YES
[02-Jul-2025 21:50:36 Europe/Berlin] Has skills: YES
[02-Jul-2025 21:50:36 Europe/Berlin] Has languages: YES
[02-Jul-2025 21:50:44 Europe/Berlin] Live Preview form data received:
[02-Jul-2025 21:50:44 Europe/Berlin] Certificate data: Array
(
    [0] => AWS Certified Developer
)

[02-Jul-2025 21:50:44 Europe/Berlin] Project data: Array
(
    [0] => E-Commerce Platform
)

[02-Jul-2025 21:50:44 Europe/Berlin] Skill data: Array
(
    [0] => Langages de programmation
)

[02-Jul-2025 21:50:44 Europe/Berlin] Language data: Array
(
    [0] => Français
)

[02-Jul-2025 21:50:44 Europe/Berlin] Live Preview XML structure check:
[02-Jul-2025 21:50:44 Europe/Berlin] Has certificates: YES
[02-Jul-2025 21:50:44 Europe/Berlin] Has projects: YES
[02-Jul-2025 21:50:44 Europe/Berlin] Has skills: YES
[02-Jul-2025 21:50:44 Europe/Berlin] Has languages: YES
[02-Jul-2025 21:50:44 Europe/Berlin] Photo copied successfully: uploads/photos/temp_preview_photo_68658d94d1ed7.jpeg -> cv_photo.jpeg
[02-Jul-2025 21:50:47 Europe/Berlin] Live Preview form data received:
[02-Jul-2025 21:50:47 Europe/Berlin] Certificate data: Array
(
    [0] => AWS Certified Developer
)

[02-Jul-2025 21:50:47 Europe/Berlin] Project data: Array
(
    [0] => E-Commerce Platform
)

[02-Jul-2025 21:50:47 Europe/Berlin] Skill data: Array
(
    [0] => Langages de programmation
)

[02-Jul-2025 21:50:47 Europe/Berlin] Language data: Array
(
    [0] => Français
)

[02-Jul-2025 21:50:47 Europe/Berlin] Live Preview XML structure check:
[02-Jul-2025 21:50:47 Europe/Berlin] Has certificates: YES
[02-Jul-2025 21:50:47 Europe/Berlin] Has projects: YES
[02-Jul-2025 21:50:47 Europe/Berlin] Has skills: YES
[02-Jul-2025 21:50:47 Europe/Berlin] Has languages: YES
[02-Jul-2025 21:50:47 Europe/Berlin] Photo copied successfully: uploads/photos/temp_preview_photo_68658d9747314.jpeg -> cv_photo.jpeg
[02-Jul-2025 21:50:53 Europe/Berlin] Live Preview form data received:
[02-Jul-2025 21:50:53 Europe/Berlin] Certificate data: Array
(
    [0] => AWS Certified Developer
)

[02-Jul-2025 21:50:53 Europe/Berlin] Project data: Array
(
    [0] => E-Commerce Platform
)

[02-Jul-2025 21:50:53 Europe/Berlin] Skill data: Array
(
    [0] => Langages de programmation
)

[02-Jul-2025 21:50:53 Europe/Berlin] Language data: Array
(
    [0] => Français
)

[02-Jul-2025 21:50:53 Europe/Berlin] Live Preview XML structure check:
[02-Jul-2025 21:50:53 Europe/Berlin] Has certificates: YES
[02-Jul-2025 21:50:53 Europe/Berlin] Has projects: YES
[02-Jul-2025 21:50:53 Europe/Berlin] Has skills: YES
[02-Jul-2025 21:50:53 Europe/Berlin] Has languages: YES
[02-Jul-2025 21:50:53 Europe/Berlin] Photo copied successfully: uploads/photos/temp_preview_photo_68658d9d749b6.jpeg -> cv_photo.jpeg
[03-Jul-2025 12:06:34 Europe/Berlin] Live Preview form data received:
[03-Jul-2025 12:06:34 Europe/Berlin] Certificate data: Array
(
    [0] => AWS Certified Developer
)

[03-Jul-2025 12:06:34 Europe/Berlin] Project data: Array
(
    [0] => E-Commerce Platform
)

[03-Jul-2025 12:06:34 Europe/Berlin] Skill data: Array
(
    [0] => Langages de programmation
)

[03-Jul-2025 12:06:34 Europe/Berlin] Language data: Array
(
    [0] => Français
)

[03-Jul-2025 12:06:34 Europe/Berlin] Live Preview XML structure check:
[03-Jul-2025 12:06:34 Europe/Berlin] Has certificates: YES
[03-Jul-2025 12:06:34 Europe/Berlin] Has projects: YES
[03-Jul-2025 12:06:34 Europe/Berlin] Has skills: YES
[03-Jul-2025 12:06:34 Europe/Berlin] Has languages: YES
[03-Jul-2025 12:06:36 Europe/Berlin] Live Preview form data received:
[03-Jul-2025 12:06:36 Europe/Berlin] Certificate data: Array
(
    [0] => AWS Certified Developer
)

[03-Jul-2025 12:06:36 Europe/Berlin] Project data: Array
(
    [0] => E-Commerce Platform
)

[03-Jul-2025 12:06:36 Europe/Berlin] Skill data: Array
(
    [0] => Langages de programmation
)

[03-Jul-2025 12:06:36 Europe/Berlin] Language data: Array
(
    [0] => Français
)

[03-Jul-2025 12:06:36 Europe/Berlin] Live Preview XML structure check:
[03-Jul-2025 12:06:36 Europe/Berlin] Has certificates: YES
[03-Jul-2025 12:06:36 Europe/Berlin] Has projects: YES
[03-Jul-2025 12:06:36 Europe/Berlin] Has skills: YES
[03-Jul-2025 12:06:36 Europe/Berlin] Has languages: YES
[03-Jul-2025 12:07:12 Europe/Berlin] Live Preview form data received:
[03-Jul-2025 12:07:12 Europe/Berlin] Certificate data: Array
(
    [0] => AWS Certified Developer
)

[03-Jul-2025 12:07:12 Europe/Berlin] Project data: Array
(
    [0] => E-Commerce Platform
)

[03-Jul-2025 12:07:12 Europe/Berlin] Skill data: Array
(
    [0] => Langages de programmation
)

[03-Jul-2025 12:07:12 Europe/Berlin] Language data: Array
(
    [0] => Français
)

[03-Jul-2025 12:07:12 Europe/Berlin] Live Preview XML structure check:
[03-Jul-2025 12:07:12 Europe/Berlin] Has certificates: YES
[03-Jul-2025 12:07:12 Europe/Berlin] Has projects: YES
[03-Jul-2025 12:07:12 Europe/Berlin] Has skills: YES
[03-Jul-2025 12:07:12 Europe/Berlin] Has languages: YES
[03-Jul-2025 12:07:17 Europe/Berlin] Live Preview form data received:
[03-Jul-2025 12:07:17 Europe/Berlin] Certificate data: Array
(
    [0] => AWS Certified Developer
)

[03-Jul-2025 12:07:17 Europe/Berlin] Project data: Array
(
    [0] => E-Commerce Platform
)

[03-Jul-2025 12:07:17 Europe/Berlin] Skill data: Array
(
    [0] => Langages de programmation
)

[03-Jul-2025 12:07:17 Europe/Berlin] Language data: Array
(
    [0] => Français
)

[03-Jul-2025 12:07:17 Europe/Berlin] Live Preview XML structure check:
[03-Jul-2025 12:07:17 Europe/Berlin] Has certificates: YES
[03-Jul-2025 12:07:17 Europe/Berlin] Has projects: YES
[03-Jul-2025 12:07:17 Europe/Berlin] Has skills: YES
[03-Jul-2025 12:07:17 Europe/Berlin] Has languages: YES
[03-Jul-2025 12:07:24 Europe/Berlin] Live Preview form data received:
[03-Jul-2025 12:07:24 Europe/Berlin] Certificate data: Array
(
    [0] => AWS Certified Developer
)

[03-Jul-2025 12:07:24 Europe/Berlin] Project data: Array
(
    [0] => E-Commerce Platform
)

[03-Jul-2025 12:07:24 Europe/Berlin] Skill data: Array
(
    [0] => Langages de programmation
)

[03-Jul-2025 12:07:24 Europe/Berlin] Language data: Array
(
    [0] => Français
)

[03-Jul-2025 12:07:24 Europe/Berlin] Live Preview XML structure check:
[03-Jul-2025 12:07:24 Europe/Berlin] Has certificates: YES
[03-Jul-2025 12:07:24 Europe/Berlin] Has projects: YES
[03-Jul-2025 12:07:24 Europe/Berlin] Has skills: YES
[03-Jul-2025 12:07:24 Europe/Berlin] Has languages: YES
[03-Jul-2025 12:17:41 Europe/Berlin] Live Preview form data received:
[03-Jul-2025 12:17:41 Europe/Berlin] Certificate data: Array
(
    [0] => AWS Certified Developer
)

[03-Jul-2025 12:17:41 Europe/Berlin] Project data: Array
(
    [0] => E-Commerce Platform
)

[03-Jul-2025 12:17:41 Europe/Berlin] Skill data: Array
(
    [0] => Langages de programmation
)

[03-Jul-2025 12:17:41 Europe/Berlin] Language data: Array
(
    [0] => Français
)

[03-Jul-2025 12:17:41 Europe/Berlin] Live Preview XML structure check:
[03-Jul-2025 12:17:41 Europe/Berlin] Has certificates: YES
[03-Jul-2025 12:17:41 Europe/Berlin] Has projects: YES
[03-Jul-2025 12:17:41 Europe/Berlin] Has skills: YES
[03-Jul-2025 12:17:41 Europe/Berlin] Has languages: YES
[03-Jul-2025 12:17:43 Europe/Berlin] Live Preview form data received:
[03-Jul-2025 12:17:43 Europe/Berlin] Certificate data: Array
(
    [0] => AWS Certified Developer
)

[03-Jul-2025 12:17:43 Europe/Berlin] Project data: Array
(
    [0] => E-Commerce Platform
)

[03-Jul-2025 12:17:43 Europe/Berlin] Skill data: Array
(
    [0] => Langages de programmation
)

[03-Jul-2025 12:17:43 Europe/Berlin] Language data: Array
(
    [0] => Français
)

[03-Jul-2025 12:17:43 Europe/Berlin] Live Preview XML structure check:
[03-Jul-2025 12:17:43 Europe/Berlin] Has certificates: YES
[03-Jul-2025 12:17:43 Europe/Berlin] Has projects: YES
[03-Jul-2025 12:17:43 Europe/Berlin] Has skills: YES
[03-Jul-2025 12:17:43 Europe/Berlin] Has languages: YES
[03-Jul-2025 12:17:47 Europe/Berlin] Live Preview form data received:
[03-Jul-2025 12:17:47 Europe/Berlin] Certificate data: Array
(
    [0] => AWS Certified Developer
)

[03-Jul-2025 12:17:47 Europe/Berlin] Project data: Array
(
    [0] => E-Commerce Platform
)

[03-Jul-2025 12:17:47 Europe/Berlin] Skill data: Array
(
    [0] => Langages de programmation
)

[03-Jul-2025 12:17:47 Europe/Berlin] Language data: Array
(
    [0] => Français
)

[03-Jul-2025 12:17:47 Europe/Berlin] Live Preview XML structure check:
[03-Jul-2025 12:17:47 Europe/Berlin] Has certificates: YES
[03-Jul-2025 12:17:47 Europe/Berlin] Has projects: YES
[03-Jul-2025 12:17:47 Europe/Berlin] Has skills: YES
[03-Jul-2025 12:17:47 Europe/Berlin] Has languages: YES
[03-Jul-2025 12:17:52 Europe/Berlin] Live Preview form data received:
[03-Jul-2025 12:17:52 Europe/Berlin] Certificate data: Array
(
    [0] => AWS Certified Developer
)

[03-Jul-2025 12:17:52 Europe/Berlin] Project data: Array
(
    [0] => E-Commerce Platform
)

[03-Jul-2025 12:17:52 Europe/Berlin] Skill data: Array
(
    [0] => Langages de programmation
)

[03-Jul-2025 12:17:52 Europe/Berlin] Language data: Array
(
    [0] => Français
)

[03-Jul-2025 12:17:52 Europe/Berlin] Live Preview XML structure check:
[03-Jul-2025 12:17:52 Europe/Berlin] Has certificates: YES
[03-Jul-2025 12:17:52 Europe/Berlin] Has projects: YES
[03-Jul-2025 12:17:52 Europe/Berlin] Has skills: YES
[03-Jul-2025 12:17:52 Europe/Berlin] Has languages: YES
[03-Jul-2025 12:31:45 Europe/Berlin] Live Preview form data received:
[03-Jul-2025 12:31:45 Europe/Berlin] Certificate data: Array
(
    [0] => AWS Certified Developer
)

[03-Jul-2025 12:31:45 Europe/Berlin] Project data: Array
(
    [0] => E-Commerce Platform
)

[03-Jul-2025 12:31:45 Europe/Berlin] Skill data: Array
(
    [0] => Langages de programmation
)

[03-Jul-2025 12:31:45 Europe/Berlin] Language data: Array
(
    [0] => Français
)

[03-Jul-2025 12:31:45 Europe/Berlin] Live Preview XML structure check:
[03-Jul-2025 12:31:45 Europe/Berlin] Has certificates: YES
[03-Jul-2025 12:31:45 Europe/Berlin] Has projects: YES
[03-Jul-2025 12:31:45 Europe/Berlin] Has skills: YES
[03-Jul-2025 12:31:45 Europe/Berlin] Has languages: YES
[03-Jul-2025 12:31:47 Europe/Berlin] Live Preview form data received:
[03-Jul-2025 12:31:47 Europe/Berlin] Certificate data: Array
(
    [0] => AWS Certified Developer
)

[03-Jul-2025 12:31:47 Europe/Berlin] Project data: Array
(
    [0] => E-Commerce Platform
)

[03-Jul-2025 12:31:47 Europe/Berlin] Skill data: Array
(
    [0] => Langages de programmation
)

[03-Jul-2025 12:31:47 Europe/Berlin] Language data: Array
(
    [0] => Français
)

[03-Jul-2025 12:31:47 Europe/Berlin] Live Preview XML structure check:
[03-Jul-2025 12:31:47 Europe/Berlin] Has certificates: YES
[03-Jul-2025 12:31:47 Europe/Berlin] Has projects: YES
[03-Jul-2025 12:31:47 Europe/Berlin] Has skills: YES
[03-Jul-2025 12:31:47 Europe/Berlin] Has languages: YES
[03-Jul-2025 12:47:27 Europe/Berlin] === Auth Check ===
[03-Jul-2025 12:47:27 Europe/Berlin] Session status: 2
[03-Jul-2025 12:47:27 Europe/Berlin] Session ID: klj8op523bf5gbiqggamb8f7hu
[03-Jul-2025 12:47:27 Europe/Berlin] Session data: Array
(
    [userId] => 1
    [userEmail] => amineamllal@gmail.com
    [userTel] => 0600918155
)

[03-Jul-2025 12:47:27 Europe/Berlin] UserId in session: 1
[03-Jul-2025 12:47:27 Europe/Berlin] Authentication successful - userId: 1
[03-Jul-2025 12:47:27 Europe/Berlin] Live Preview form data received:
[03-Jul-2025 12:47:27 Europe/Berlin] Certificate data: Array
(
    [0] => 
)

[03-Jul-2025 12:47:27 Europe/Berlin] Project data: Array
(
    [0] => 
)

[03-Jul-2025 12:47:27 Europe/Berlin] Skill data: Array
(
    [0] => 
)

[03-Jul-2025 12:47:27 Europe/Berlin] Language data: Array
(
    [0] => 
)

[03-Jul-2025 12:47:27 Europe/Berlin] Live Preview XML structure check:
[03-Jul-2025 12:47:27 Europe/Berlin] Has certificates: YES
[03-Jul-2025 12:47:27 Europe/Berlin] Has projects: YES
[03-Jul-2025 12:47:27 Europe/Berlin] Has skills: YES
[03-Jul-2025 12:47:27 Europe/Berlin] Has languages: YES
[03-Jul-2025 12:47:29 Europe/Berlin] === Auth Check ===
[03-Jul-2025 12:47:29 Europe/Berlin] Session status: 2
[03-Jul-2025 12:47:29 Europe/Berlin] Session ID: klj8op523bf5gbiqggamb8f7hu
[03-Jul-2025 12:47:29 Europe/Berlin] Session data: Array
(
    [userId] => 1
    [userEmail] => amineamllal@gmail.com
    [userTel] => 0600918155
)

[03-Jul-2025 12:47:29 Europe/Berlin] UserId in session: 1
[03-Jul-2025 12:47:29 Europe/Berlin] Authentication successful - userId: 1
[03-Jul-2025 12:47:29 Europe/Berlin] Live Preview form data received:
[03-Jul-2025 12:47:29 Europe/Berlin] Certificate data: Array
(
    [0] => 
)

[03-Jul-2025 12:47:29 Europe/Berlin] Project data: Array
(
    [0] => 
)

[03-Jul-2025 12:47:29 Europe/Berlin] Skill data: Array
(
    [0] => 
)

[03-Jul-2025 12:47:29 Europe/Berlin] Language data: Array
(
    [0] => 
)

[03-Jul-2025 12:47:29 Europe/Berlin] Live Preview XML structure check:
[03-Jul-2025 12:47:29 Europe/Berlin] Has certificates: YES
[03-Jul-2025 12:47:29 Europe/Berlin] Has projects: YES
[03-Jul-2025 12:47:29 Europe/Berlin] Has skills: YES
[03-Jul-2025 12:47:29 Europe/Berlin] Has languages: YES
